
> contract_ppt@0.1.0 build C:\Users\MSI\Desktop\Hicode\personal\sass\contract_ppt
> next build --turbopack

   Γû▓ Next.js 15.5.9 (Turbopack)
   - Environments: .env

   Creating an optimized production build ...
 Γ£ô Finished writing to disk in 141ms
 Γ£ô Compiled successfully in 13.2s
   Linting and checking validity of types ...
pnpm : 
At line:1 char:1
+ pnpm build > build_output.txt 2>&1
+ ~~~~~~~~~~~~~~~~~~~~~~~~~~~~~~~~~~
    + CategoryInfo          : NotSpecified: (:String) [], Re    
moteException
    + FullyQualifiedErrorId : NativeCommandError
 
Failed to compile.

./src/app/dashboard/contracts/page.tsx
13:3  Warning: 'Check' is defined but never used.  
@typescript-eslint/no-unused-vars
71:20  Warning: 'setGrouping' is assigned a value but never 
used.  @typescript-eslint/no-unused-vars
72:10  Warning: 'showColumnMenu' is assigned a value but never 
used.  @typescript-eslint/no-unused-vars
192:9  Warning: 'toggleColumn' is assigned a value but never 
used.  @typescript-eslint/no-unused-vars

./src/app/dashboard/contracts/[id]/page.tsx
22:3  Warning: 'Info' is defined but never used.  
@typescript-eslint/no-unused-vars
61:9  Warning: 'contentRef' is assigned a value but never used. 
 @typescript-eslint/no-unused-vars

./src/app/dashboard/page.tsx
10:3  Warning: 'CardHeader' is defined but never used.  
@typescript-eslint/no-unused-vars
11:3  Warning: 'CardDescription' is defined but never used.  
@typescript-eslint/no-unused-vars
12:3  Warning: 'CardTitle' is defined but never used.  
@typescript-eslint/no-unused-vars
13:3  Warning: 'CardFooter' is defined but never used.  
@typescript-eslint/no-unused-vars

./src/components/Chat/ChatDashBoard.tsx
11:3  Warning: 'Sparkles' is defined but never used.  
@typescript-eslint/no-unused-vars
13:3  Warning: 'ChevronRight' is defined but never used.  
@typescript-eslint/no-unused-vars

./src/components/Dashboard/contract-table.tsx
2:34  Warning: 'Eye' is defined but never used.  
@typescript-eslint/no-unused-vars

./src/components/Testimonials/index.tsx
157:52  Warning: 'index' is defined but never used.  
@typescript-eslint/no-unused-vars
162:53  Warning: 'index' is defined but never used.  
@typescript-eslint/no-unused-vars
163:89  Error: Unexpected any. Specify a different type.  
@typescript-eslint/no-explicit-any

./src/lib/freemium.ts
21:17  Warning: 'error' is assigned a value but never used.  
@typescript-eslint/no-unused-vars

info  - Need to disable some ESLint rules? Learn more here: http
s://nextjs.org/docs/app/api-reference/config/eslint#disabling-ru
les
ΓÇëELIFECYCLEΓÇë Command failed with exit code 1.
